HI-TECH Software C Compiler 

Linker command line:

--edf=C:\Program Files (x86)\HI-TECH Software\PICC\9.82\dat\en_msgs.txt -cs \
  -h+upravlenije.sym -z -Q16F690 -ol.obj -Mupravlenije.map -E1 \
  -ACONST=00h-0FFhx16 -ACODE=00h-07FFhx2 -ASTRCODE=00h-0FFFh \
  -AENTRY=00h-0FFhx16 -ASTRING=00h-0FFhx16 -ABANK0=020h-06Fh \
  -ABANK1=0A0h-0EFh -ABANK2=0120h-016Fh \
  -ARAM=020h-06Fh,0A0h-0EFh,0120h-016Fh \
  -AABS1=020h-07Fh,0A0h-0EFh,0120h-016Fh -ACOMMON=070h-07Fh -ASFR0=00h-01Fh \
  -ASFR1=080h-09Fh -ASFR2=0100h-011Fh -ASFR3=0180h-01EFh \
  -preset_vec=00h,intentry,init,end_init -ppowerup=CODE -pfunctab=CODE \
  -ACONFIG=02007h-02007h -pconfig=CONFIG -DCONFIG=2 -AIDLOC=02000h-02003h \
  -pidloc=IDLOC -DIDLOC=2 -AEEDATA=00h-0FFh/02100h -peeprom_data=EEDATA \
  -DEEDATA=2 -DCODE=2 -DSTRCODE=2 -DSTRING=2 -DCONST=2 -DENTRY=2 -k \
  startup.obj upravlenije.obj 

Object code version is 3.10

Machine type is 16F690



                Name                               Link     Load   Length Selector   Space Scale
startup.obj     end_init                              0        0        2        0       0
upravlenije.obj text264                             132      132       4D      264       0
                text263                              EC       EC       46      1D8       0
                text262                             1D8      1D8       61      3B0       0
                text261                             239      239       61      472       0
                text260                              91       91       18      122       0
                text259                             17F      17F       59      2FE       0
                text258                              A9       A9       43      152       0
                text257                             D53      D53      2AD     1AA6       0
                maintext                            29A      29A      566      534       0
                cstackCOMMON                         70       70        B       70       1
                clrtext                              7C       7C        8       F8       0
                bssBANK0                             20       20       20       20       1
                bssCOMMON                            7B       7B        3       70       1
                cinit                                84       84        D      108       0

TOTAL           Name                               Link     Load   Length     Space
        CLASS   CONST          

        CLASS   CODE           
                end_init                              0        0        2         0
                text264                             132      132       4D         0
                text263                              EC       EC       46         0
                text262                             1D8      1D8       61         0
                text261                             239      239       61         0
                text260                              91       91       18         0
                text259                             17F      17F       59         0
                text258                              A9       A9       43         0
                text257                             D53      D53      2AD         0
                maintext                            29A      29A      566         0
                clrtext                              7C       7C        8         0
                cinit                                84       84        D         0

        CLASS   STRCODE        

        CLASS   ENTRY          

        CLASS   STRING         

        CLASS   BANK0          
                bssBANK0                             20       20       20         1

        CLASS   BANK1          

        CLASS   BANK2          

        CLASS   RAM            

        CLASS   ABS1           
                abs_s1                               7E       7E        2         1

        CLASS   COMMON         
                cstackCOMMON                         70       70        B         1
                bssCOMMON                            7B       7B        3         1

        CLASS   SFR0           

        CLASS   SFR1           

        CLASS   SFR2           

        CLASS   SFR3           

        CLASS   CONFIG         

        CLASS   IDLOC          

        CLASS   EEDATA         

        CLASS   BANK3          



SEGMENTS        Name                           Load    Length   Top    Selector   Space  Class     Delta

                reset_vec                      000000  000002  000002         0       0  CODE        2
                bssBANK0                       000020  000020  000040        20       1  BANK0       1
                cstackCOMMON                   000070  00000E  00007E        70       1  COMMON      1
                clrtext                        00007C  000008  000084        F8       0  CODE        2
                cinit                          000084  00000D  000091       108       0  CODE        2
                text260                        000091  000018  0000A9       122       0  CODE        2
                text258                        0000A9  000043  0000EC       152       0  CODE        2
                text263                        0000EC  000046  000132       1D8       0  CODE        2
                text264                        000132  00004D  00017F       264       0  CODE        2
                text259                        00017F  000059  0001D8       2FE       0  CODE        2
                text262                        0001D8  000061  000239       3B0       0  CODE        2
                text261                        000239  000061  00029A       472       0  CODE        2
                maintext                       00029A  000566  000800       534       0  CODE        2
                text257                        000D53  0002AD  001000      1AA6       0  CODE        2


UNUSED ADDRESS RANGES

        Name                Unused          Largest block    Delta
        BANK0            0040-006F             30           1
        BANK1            00A0-00EF             50           1
        BANK2            0120-016F             50           1
        CODE             0002-007B             7A           2
                         0800-0D52            553
        CONFIG           2007-2007              1           2
        CONST            0002-007B             7A           2
                         0800-0D52            100
        EEDATA           2100-21FF            100           2
        ENTRY            0002-007B             7A           2
                         0800-0D52            100
        IDLOC            2000-2003              4           2
        RAM              0040-006F             30           1
                         00A0-00EF             50
                         0120-016F             50
        SFR0             0000-001F             20           1
        SFR1             0080-009F             20           1
        SFR2             0100-011F             20           1
        SFR3             0180-01EF             70           1
        STRCODE          0002-007B             7A           2
                         0800-0D52            553
        STRING           0002-007B             7A           2
                         0800-0D52            100

                                  Symbol Table

??_Increment          cstackCOMMON 0076
??_LCDInit            cstackCOMMON 0076
??_LCDWrite           cstackCOMMON 0074
??_Message1           cstackCOMMON 0076
??_Message2           cstackCOMMON 0076
??_Sbros              cstackCOMMON 0072
??_buzz1              cstackCOMMON 0070
??_buzz2              cstackCOMMON 0070
??_main               cstackCOMMON 0078
?_Increment           cstackCOMMON 0070
?_LCDInit             cstackCOMMON 0070
?_LCDWrite            cstackCOMMON 0070
?_Message1            cstackCOMMON 0070
?_Message2            cstackCOMMON 0070
?_Sbros               cstackCOMMON 0070
?_buzz1               cstackCOMMON 0070
?_buzz2               cstackCOMMON 0070
?_main                cstackCOMMON 0070
LCDWrite@LCDData      cstackCOMMON 0070
LCDWrite@RSValue      cstackCOMMON 0072
_ANSEL                (abs)        011E
_CARRY                (abs)        0018
_EEADR                (abs)        010D
_EECON1               (abs)        018C
_EECON2               (abs)        018D
_EEDATA               (abs)        010C
_GIE                  (abs)        005F
_Increment            text257      0D53
_LCDInit              text261      0239
_LCDWrite             text264      0132
_Message1             text258      00A9
_Message2             text259      017F
_PORTA                (abs)        0005
_PORTB                (abs)        0006
_PORTC                (abs)        0007
_RA0                  (abs)        0028
_RA1                  (abs)        0029
_RA2                  (abs)        002A
_RA3                  (abs)        002B
_RA4                  (abs)        002C
_RA5                  (abs)        002D
_RB4                  (abs)        0034
_RB5                  (abs)        0035
_RB6                  (abs)        0036
_RB7                  (abs)        0037
_RC4                  (abs)        003C
_RC5                  (abs)        003D
_RD                   (abs)        0C60
_Sbros                text260      0091
_TRISA                (abs)        0085
_TRISB                (abs)        0086
_TRISC                (abs)        0087
_WR                   (abs)        0C61
_WREN                 (abs)        0C62
__Habs1               abs1         0000
__Hbank0              bank0        0000
__Hbank1              bank1        0000
__Hbank2              bank2        0000
__Hbank3              bank3        0000
__HbssBANK0           bssBANK0     0000
__HbssCOMMON          bssCOMMON    0000
__Hcinit              cinit        0000
__Hclrtext            clrtext      0000
__Hcode               code         0000
__Hcommon             common       0000
__Hconfig             config       0000
__HcstackCOMMON       cstackCOMMON 0000
__Heeprom_data        eeprom_data  0000
__Hend_init           end_init     0002
__Hfunctab            functab      0000
__Hidloc              idloc        0000
__Hinit               init         0000
__Hintentry           intentry     0000
__Hmaintext           maintext     0000
__Hpowerup            powerup      0000
__Hram                ram          0000
__Hreset_vec          reset_vec    0000
__Hsfr0               sfr0         0000
__Hsfr1               sfr1         0000
__Hsfr2               sfr2         0000
__Hsfr3               sfr3         0000
__Hstrings            strings      0000
__Htext               text         0000
__Labs1               abs1         0000
__Lbank0              bank0        0000
__Lbank1              bank1        0000
__Lbank2              bank2        0000
__Lbank3              bank3        0000
__LbssBANK0           bssBANK0     0000
__LbssCOMMON          bssCOMMON    0000
__Lcinit              cinit        0000
__Lclrtext            clrtext      0000
__Lcode               code         0000
__Lcommon             common       0000
__Lconfig             config       0000
__LcstackCOMMON       cstackCOMMON 0000
__Leeprom_data        eeprom_data  0000
__Lend_init           end_init     0000
__Lfunctab            functab      0000
__Lidloc              idloc        0000
__Linit               init         0000
__Lintentry           intentry     0000
__Lmaintext           maintext     0000
__Lpowerup            powerup      0000
__Lram                ram          0000
__Lreset_vec          reset_vec    0000
__Lsfr0               sfr0         0000
__Lsfr1               sfr1         0000
__Lsfr2               sfr2         0000
__Lsfr3               sfr3         0000
__Lstrings            strings      0000
__Ltext               text         0000
__S0                  (abs)        1000
__S1                  (abs)        007E
__S2                  (abs)        0000
__end_of_Increment    text257      1000
__end_of_LCDInit      text261      029A
__end_of_LCDWrite     text264      017F
__end_of_Message1     text258      00EC
__end_of_Message2     text259      01D8
__end_of_Sbros        text260      00A9
__end_of_buzz1        text262      0239
__end_of_buzz2        text263      0132
__end_of_main         maintext     0800
__pbssBANK0           bssBANK0     0020
__pbssCOMMON          bssCOMMON    007B
__pcstackCOMMON       cstackCOMMON 0070
__pmaintext           maintext     029A
__ptext256            text256      0000
__ptext257            text257      0D53
__ptext258            text258      00A9
__ptext259            text259      017F
__ptext260            text260      0091
__ptext261            text261      0239
__ptext262            text262      01D8
__ptext263            text263      00EC
__ptext264            text264      0132
__ptext265            text265      0000
__size_of_Increment   (abs)        0000
__size_of_LCDInit     (abs)        0000
__size_of_LCDWrite    (abs)        0000
__size_of_Message1    (abs)        0000
__size_of_Message2    (abs)        0000
__size_of_Sbros       (abs)        0000
__size_of_buzz1       (abs)        0000
__size_of_buzz2       (abs)        0000
__size_of_main        (abs)        0000
_buzz1                text262      01D8
_buzz2                text263      00EC
_exit                 init         0000
_flag                 bssBANK0     003C
_j                    bssBANK0     0032
_main                 maintext     029A
_mas                  bssBANK0     0020
_mas2                 bssBANK0     0026
_mas3                 bssBANK0     002C
_n                    bssBANK0     0034
_p                    bssBANK0     0036
_q                    bssBANK0     0038
_t1                   bssCOMMON    007D
_t2                   bssBANK0     003D
_t3                   bssBANK0     003E
_t4                   bssBANK0     003F
_x                    bssCOMMON    007B
_y                    bssBANK0     003A
btemp                 (abs)        007E
clear_ram             clrtext      007C
end_of_initialization cinit        008E
intlevel0             functab      0000
intlevel1             functab      0000
intlevel2             functab      0000
intlevel3             functab      0000
intlevel4             functab      0000
intlevel5             functab      0000
reset_vec             reset_vec    0000
start                 init         0000
start_initialization  cinit        0084
wtemp0                (abs)        007E
